------------------------------------------------------------
Timing Analyzer Summary
------------------------------------------------------------

Type  : Slow 1200mV 85C Model Setup 'CLK'
Slack : -4.191
TNS   : -237.980

Type  : Slow 1200mV 85C Model Setup 'cnt'
Slack : -0.587
TNS   : -2.431

Type  : Slow 1200mV 85C Model Setup 'seven_seg:s_seg1|cnt'
Slack : -0.002
TNS   : -0.002

Type  : Slow 1200mV 85C Model Hold 'seven_seg:s_seg1|cnt'
Slack : 0.452
TNS   : 0.000

Type  : Slow 1200mV 85C Model Hold 'cnt'
Slack : 0.483
TNS   : 0.000

Type  : Slow 1200mV 85C Model Hold 'CLK'
Slack : 0.651
TNS   : 0.000

Type  : Slow 1200mV 85C Model Minimum Pulse Width 'CLK'
Slack : -3.000
TNS   : -101.142

Type  : Slow 1200mV 85C Model Minimum Pulse Width 'cnt'
Slack : -1.487
TNS   : -26.766

Type  : Slow 1200mV 85C Model Minimum Pulse Width 'seven_seg:s_seg1|cnt'
Slack : -1.487
TNS   : -2.974

Type  : Slow 1200mV 0C Model Setup 'CLK'
Slack : -3.848
TNS   : -218.282

Type  : Slow 1200mV 0C Model Setup 'cnt'
Slack : -0.532
TNS   : -1.666

Type  : Slow 1200mV 0C Model Setup 'seven_seg:s_seg1|cnt'
Slack : 0.091
TNS   : 0.000

Type  : Slow 1200mV 0C Model Hold 'seven_seg:s_seg1|cnt'
Slack : 0.400
TNS   : 0.000

Type  : Slow 1200mV 0C Model Hold 'cnt'
Slack : 0.449
TNS   : 0.000

Type  : Slow 1200mV 0C Model Hold 'CLK'
Slack : 0.611
TNS   : 0.000

Type  : Slow 1200mV 0C Model Minimum Pulse Width 'CLK'
Slack : -3.000
TNS   : -101.142

Type  : Slow 1200mV 0C Model Minimum Pulse Width 'cnt'
Slack : -1.487
TNS   : -26.766

Type  : Slow 1200mV 0C Model Minimum Pulse Width 'seven_seg:s_seg1|cnt'
Slack : -1.487
TNS   : -2.974

Type  : Fast 1200mV 0C Model Setup 'CLK'
Slack : -1.177
TNS   : -61.070

Type  : Fast 1200mV 0C Model Setup 'cnt'
Slack : -0.095
TNS   : -0.095

Type  : Fast 1200mV 0C Model Setup 'seven_seg:s_seg1|cnt'
Slack : 0.565
TNS   : 0.000

Type  : Fast 1200mV 0C Model Hold 'seven_seg:s_seg1|cnt'
Slack : 0.186
TNS   : 0.000

Type  : Fast 1200mV 0C Model Hold 'cnt'
Slack : 0.192
TNS   : 0.000

Type  : Fast 1200mV 0C Model Hold 'CLK'
Slack : 0.237
TNS   : 0.000

Type  : Fast 1200mV 0C Model Minimum Pulse Width 'CLK'
Slack : -3.000
TNS   : -76.091

Type  : Fast 1200mV 0C Model Minimum Pulse Width 'cnt'
Slack : -1.000
TNS   : -18.000

Type  : Fast 1200mV 0C Model Minimum Pulse Width 'seven_seg:s_seg1|cnt'
Slack : -1.000
TNS   : -2.000

------------------------------------------------------------
